<?xml version="1.0" encoding="utf-8"?><testsuites><testsuite name="pytest" errors="0" failures="0" skipped="0" tests="9" time="8.754" timestamp="2025-08-24T16:13:39.980007+02:00" hostname="expertbook"><testcase classname="tests.ui.test_grid_panel" name="test_on_grid_cell_click_handles_selection" time="0.028" /><testcase classname="tests.ui.test_actions_panel" name="test_update_button_states[status_error]" time="0.035" /><testcase classname="tests.ui.test_actions_panel" name="test_update_button_states[status_available]" time="0.046" /><testcase classname="tests.ui.test_actions_panel" name="test_update_button_states[no_selection]" time="0.046" /><testcase classname="tests.ui.test_main_app_logic.TestMainAppLogic" name="test_on_init_initial_state" time="0.146" /><testcase classname="tests.ui.test_grid_panel" name="test_update_data_populates_grid" time="0.013" /><testcase classname="tests.ui.test_actions_panel" name="test_update_button_states[status_not_available]" time="0.011" /><testcase classname="tests.ui.test_actions_panel" name="test_update_button_states[task_is_running]" time="0.015" /><testcase classname="tests.ui.test_main_app_logic.TestMainAppLogic" name="test_on_log_toggle_button_click" time="0.088" /></testsuite></testsuites>